// Jest Snapshot v1, https://goo.gl/fbAQLP

exports[`__clearEvents should clear the list of events 1`] = `[]`;

exports[`__clearEvents should not prevent additional events from being collected 1`] = `
[
  {
    "props": {
      "height": 4,
      "width": 3,
      "x": 1,
      "y": 2,
    },
    "transform": [
      1,
      0,
      0,
      1,
      0,
      0,
    ],
    "type": "fillRect",
  },
]
`;
